// Jest Snapshot v1, https://goo.gl/fbAQLP

exports[`can render 1`] = `
[
  "Lorem ipsum dolor sit amet, consectetur adipiscing elit.",
  "Ut enim ad minim veniam, quis nostrud exercitation ullamco laboris nisi ut aliquip ex ea commodo consequat.",
]
`;
